---
source: tests/review_ui.rs

expression: terminal.backend()
---
"┌File Tree (d=✗ Deny r=◐ RO w=● RW t=◆ Tmp p=○ Partial)────────────────────────┐"
"│◐  ◐ etc                                                                      │"
"│ ▶ ◆ tmp                                                                      │"
"│                                                                              │"
"│                                                                              │"
"│                                                                              │"
"│                                                                              │"
"│                                                                              │"
"│                                                                              │"
"│                                                                              │"
"│                                                                              │"
"│                                                                              │"
"│                                                                              │"
"│                                                                              │"
"│                                                                              │"
"│                                                                              │"
"│                                                                              │"
"│                                                                              │"
"│                                                                              │"
"│                                                                              │"
"└──────────────────────────────────────────────────────────────────────────────┘"
"d=✗ Deny r=◐ RO w=● RW t=◆ Tmp p=○ Partial | Space=expand | ←→=collapse | ↑↓=nav"
"                                                                                "
"                                                                                "
